// Jest Snapshot v1, https://goo.gl/fbAQLP

exports[`src | components | verso | Verso should match snapshot 1`] = `
ShallowWrapper {
  Symbol(enzyme.__root__): [Circular],
  Symbol(enzyme.__unrendered__): <Verso
    areDetailsVisible={true}
    backgroundColor="#ACE539"
    booking={null}
    contentInlineStyle={
      Object {
        "backgroundColor": "#ACE539",
        "backgroundImage": "any/image",
      }
    }
    extraClassName="extra-classname"
    forceDetailsVisible={false}
    mediationId="AAA"
    offerName="Offer title"
    offerVenueNameOrPublicName="Offer subtitle"
    recommendation={
      Object {
        "mediation": Object {},
        "thumbUrl": "https://example.net/tuto/image.png",
      }
    }
  />,
  Symbol(enzyme.__renderer__): Object {
    "batchedUpdates": [Function],
    "checkPropTypes": [Function],
    "getNode": [Function],
    "render": [Function],
    "simulateError": [Function],
    "simulateEvent": [Function],
    "unmount": [Function],
  },
  Symbol(enzyme.__node__): Object {
    "instance": null,
    "key": undefined,
    "nodeType": "host",
    "props": Object {
      "children": Array [
        <div
          className="verso-wrapper is-black-text scroll-y flex-rows is-relative text-left"
        >
          <VersoHeader
            backgroundColor="black"
            subtitle={null}
            title={null}
          />
          <VersoControls
            booking={null}
            recommendation={
              Object {
                "mediation": Object {},
                "thumbUrl": "https://example.net/tuto/image.png",
              }
            }
          />
          <div
            className="verso-content"
            style={
              Object {
                "backgroundImage": "url('http://localhost/mosaic-k.png')",
              }
            }
          >
            <Connect(VersoContentOffer)
              booking={null}
              recommendation={
                Object {
                  "mediation": Object {},
                  "thumbUrl": "https://example.net/tuto/image.png",
                }
              }
            />
          </div>
        </div>,
        <withRouter(AbsoluteFooter)
          areDetailsVisible={true}
          borderTop={true}
          colored={true}
          id="verso-footer"
        />,
      ],
      "className": "verso is-overlay extra-classname flipped",
    },
    "ref": null,
    "rendered": Array [
      Object {
        "instance": null,
        "key": undefined,
        "nodeType": "host",
        "props": Object {
          "children": Array [
            <VersoHeader
              backgroundColor="black"
              subtitle={null}
              title={null}
            />,
            <VersoControls
              booking={null}
              recommendation={
                Object {
                  "mediation": Object {},
                  "thumbUrl": "https://example.net/tuto/image.png",
                }
              }
            />,
            <div
              className="verso-content"
              style={
                Object {
                  "backgroundImage": "url('http://localhost/mosaic-k.png')",
                }
              }
            >
              <Connect(VersoContentOffer)
                booking={null}
                recommendation={
                  Object {
                    "mediation": Object {},
                    "thumbUrl": "https://example.net/tuto/image.png",
                  }
                }
              />
            </div>,
          ],
          "className": "verso-wrapper is-black-text scroll-y flex-rows is-relative text-left",
        },
        "ref": null,
        "rendered": Array [
          Object {
            "instance": null,
            "key": undefined,
            "nodeType": "function",
            "props": Object {
              "backgroundColor": "black",
              "subtitle": null,
              "title": null,
            },
            "ref": null,
            "rendered": null,
            "type": [Function],
          },
          Object {
            "instance": null,
            "key": undefined,
            "nodeType": "function",
            "props": Object {
              "booking": null,
              "recommendation": Object {
                "mediation": Object {},
                "thumbUrl": "https://example.net/tuto/image.png",
              },
            },
            "ref": null,
            "rendered": null,
            "type": [Function],
          },
          Object {
            "instance": null,
            "key": undefined,
            "nodeType": "host",
            "props": Object {
              "children": <Connect(VersoContentOffer)
                booking={null}
                recommendation={
                  Object {
                    "mediation": Object {},
                    "thumbUrl": "https://example.net/tuto/image.png",
                  }
                }
              />,
              "className": "verso-content",
              "style": Object {
                "backgroundImage": "url('http://localhost/mosaic-k.png')",
              },
            },
            "ref": null,
            "rendered": Object {
              "instance": null,
              "key": undefined,
              "nodeType": "class",
              "props": Object {
                "booking": null,
                "recommendation": Object {
                  "mediation": Object {},
                  "thumbUrl": "https://example.net/tuto/image.png",
                },
              },
              "ref": null,
              "rendered": null,
              "type": [Function],
            },
            "type": "div",
          },
        ],
        "type": "div",
      },
      Object {
        "instance": null,
        "key": undefined,
        "nodeType": "function",
        "props": Object {
          "areDetailsVisible": true,
          "borderTop": true,
          "colored": true,
          "id": "verso-footer",
        },
        "ref": null,
        "rendered": null,
        "type": [Function],
      },
    ],
    "type": "div",
  },
  Symbol(enzyme.__nodes__): Array [
    Object {
      "instance": null,
      "key": undefined,
      "nodeType": "host",
      "props": Object {
        "children": Array [
          <div
            className="verso-wrapper is-black-text scroll-y flex-rows is-relative text-left"
          >
            <VersoHeader
              backgroundColor="black"
              subtitle={null}
              title={null}
            />
            <VersoControls
              booking={null}
              recommendation={
                Object {
                  "mediation": Object {},
                  "thumbUrl": "https://example.net/tuto/image.png",
                }
              }
            />
            <div
              className="verso-content"
              style={
                Object {
                  "backgroundImage": "url('http://localhost/mosaic-k.png')",
                }
              }
            >
              <Connect(VersoContentOffer)
                booking={null}
                recommendation={
                  Object {
                    "mediation": Object {},
                    "thumbUrl": "https://example.net/tuto/image.png",
                  }
                }
              />
            </div>
          </div>,
          <withRouter(AbsoluteFooter)
            areDetailsVisible={true}
            borderTop={true}
            colored={true}
            id="verso-footer"
          />,
        ],
        "className": "verso is-overlay extra-classname flipped",
      },
      "ref": null,
      "rendered": Array [
        Object {
          "instance": null,
          "key": undefined,
          "nodeType": "host",
          "props": Object {
            "children": Array [
              <VersoHeader
                backgroundColor="black"
                subtitle={null}
                title={null}
              />,
              <VersoControls
                booking={null}
                recommendation={
                  Object {
                    "mediation": Object {},
                    "thumbUrl": "https://example.net/tuto/image.png",
                  }
                }
              />,
              <div
                className="verso-content"
                style={
                  Object {
                    "backgroundImage": "url('http://localhost/mosaic-k.png')",
                  }
                }
              >
                <Connect(VersoContentOffer)
                  booking={null}
                  recommendation={
                    Object {
                      "mediation": Object {},
                      "thumbUrl": "https://example.net/tuto/image.png",
                    }
                  }
                />
              </div>,
            ],
            "className": "verso-wrapper is-black-text scroll-y flex-rows is-relative text-left",
          },
          "ref": null,
          "rendered": Array [
            Object {
              "instance": null,
              "key": undefined,
              "nodeType": "function",
              "props": Object {
                "backgroundColor": "black",
                "subtitle": null,
                "title": null,
              },
              "ref": null,
              "rendered": null,
              "type": [Function],
            },
            Object {
              "instance": null,
              "key": undefined,
              "nodeType": "function",
              "props": Object {
                "booking": null,
                "recommendation": Object {
                  "mediation": Object {},
                  "thumbUrl": "https://example.net/tuto/image.png",
                },
              },
              "ref": null,
              "rendered": null,
              "type": [Function],
            },
            Object {
              "instance": null,
              "key": undefined,
              "nodeType": "host",
              "props": Object {
                "children": <Connect(VersoContentOffer)
                  booking={null}
                  recommendation={
                    Object {
                      "mediation": Object {},
                      "thumbUrl": "https://example.net/tuto/image.png",
                    }
                  }
                />,
                "className": "verso-content",
                "style": Object {
                  "backgroundImage": "url('http://localhost/mosaic-k.png')",
                },
              },
              "ref": null,
              "rendered": Object {
                "instance": null,
                "key": undefined,
                "nodeType": "class",
                "props": Object {
                  "booking": null,
                  "recommendation": Object {
                    "mediation": Object {},
                    "thumbUrl": "https://example.net/tuto/image.png",
                  },
                },
                "ref": null,
                "rendered": null,
                "type": [Function],
              },
              "type": "div",
            },
          ],
          "type": "div",
        },
        Object {
          "instance": null,
          "key": undefined,
          "nodeType": "function",
          "props": Object {
            "areDetailsVisible": true,
            "borderTop": true,
            "colored": true,
            "id": "verso-footer",
          },
          "ref": null,
          "rendered": null,
          "type": [Function],
        },
      ],
      "type": "div",
    },
  ],
  Symbol(enzyme.__options__): Object {
    "adapter": ReactSixteenAdapter {
      "options": Object {
        "enableComponentDidUpdateOnSetState": true,
        "legacyContextMode": "parent",
        "lifecycles": Object {
          "componentDidUpdate": Object {
            "onSetState": true,
          },
          "getChildContext": Object {
            "calledByRenderer": false,
          },
          "getDerivedStateFromError": true,
          "getDerivedStateFromProps": Object {
            "hasShouldComponentUpdateBug": false,
          },
          "getSnapshotBeforeUpdate": true,
          "setState": Object {
            "skipsComponentDidUpdateOnNullish": true,
          },
        },
      },
    },
    Symbol(enzyme.__providerValues__): undefined,
  },
  Symbol(enzyme.__providerValues__): Map {},
}
`;
