// Jest Snapshot v1, https://goo.gl/fbAQLP

exports[`src | components | layout | Header | BackLink should match the snapshot 1`] = `
ShallowWrapper {
  Symbol(enzyme.__root__): [Circular],
  Symbol(enzyme.__unrendered__): <BackLink
    actionOnClick={null}
    backTitle="Retour"
    backTo="/fake-url"
  />,
  Symbol(enzyme.__renderer__): Object {
    "batchedUpdates": [Function],
    "checkPropTypes": [Function],
    "getNode": [Function],
    "render": [Function],
    "simulateError": [Function],
    "simulateEvent": [Function],
    "unmount": [Function],
  },
  Symbol(enzyme.__node__): Object {
    "instance": null,
    "key": undefined,
    "nodeType": "function",
    "props": Object {
      "__EMOTION_LABEL_PLEASE_DO_NOT_USE__": "BackLink",
      "__EMOTION_TYPE_PLEASE_DO_NOT_USE__": Object {
        "$$typeof": Symbol(react.forward_ref),
        "displayName": "Link",
        "propTypes": Object {
          "innerRef": [Function],
          "onClick": [Function],
          "replace": [Function],
          "target": [Function],
          "to": [Function],
        },
        "render": [Function],
      },
      "children": <ForwardRef(render)
        __EMOTION_LABEL_PLEASE_DO_NOT_USE__="BackLink"
        __EMOTION_TYPE_PLEASE_DO_NOT_USE__={[Function]}
        alt="Retour"
        css={
          Object {
            "height": " 21px",
            "width": "21px",
          }
        }
        svg="ico-back"
      />,
      "css": Object {
        "gridColumn": "1/2",
        "gridRow": "1/2",
        "placeSelf": "center",
      },
      "onClick": null,
      "to": "/fake-url",
    },
    "ref": null,
    "rendered": Object {
      "instance": null,
      "key": undefined,
      "nodeType": "function",
      "props": Object {
        "__EMOTION_LABEL_PLEASE_DO_NOT_USE__": "BackLink",
        "__EMOTION_TYPE_PLEASE_DO_NOT_USE__": [Function],
        "alt": "Retour",
        "css": Object {
          "height": " 21px",
          "width": "21px",
        },
        "svg": "ico-back",
      },
      "ref": null,
      "rendered": null,
      "type": Object {
        "$$typeof": Symbol(react.forward_ref),
        "displayName": "EmotionCssPropInternal",
        "render": [Function],
      },
    },
    "type": Object {
      "$$typeof": Symbol(react.forward_ref),
      "displayName": "EmotionCssPropInternal",
      "render": [Function],
    },
  },
  Symbol(enzyme.__nodes__): Array [
    Object {
      "instance": null,
      "key": undefined,
      "nodeType": "function",
      "props": Object {
        "__EMOTION_LABEL_PLEASE_DO_NOT_USE__": "BackLink",
        "__EMOTION_TYPE_PLEASE_DO_NOT_USE__": Object {
          "$$typeof": Symbol(react.forward_ref),
          "displayName": "Link",
          "propTypes": Object {
            "innerRef": [Function],
            "onClick": [Function],
            "replace": [Function],
            "target": [Function],
            "to": [Function],
          },
          "render": [Function],
        },
        "children": <ForwardRef(render)
          __EMOTION_LABEL_PLEASE_DO_NOT_USE__="BackLink"
          __EMOTION_TYPE_PLEASE_DO_NOT_USE__={[Function]}
          alt="Retour"
          css={
            Object {
              "height": " 21px",
              "width": "21px",
            }
          }
          svg="ico-back"
        />,
        "css": Object {
          "gridColumn": "1/2",
          "gridRow": "1/2",
          "placeSelf": "center",
        },
        "onClick": null,
        "to": "/fake-url",
      },
      "ref": null,
      "rendered": Object {
        "instance": null,
        "key": undefined,
        "nodeType": "function",
        "props": Object {
          "__EMOTION_LABEL_PLEASE_DO_NOT_USE__": "BackLink",
          "__EMOTION_TYPE_PLEASE_DO_NOT_USE__": [Function],
          "alt": "Retour",
          "css": Object {
            "height": " 21px",
            "width": "21px",
          },
          "svg": "ico-back",
        },
        "ref": null,
        "rendered": null,
        "type": Object {
          "$$typeof": Symbol(react.forward_ref),
          "displayName": "EmotionCssPropInternal",
          "render": [Function],
        },
      },
      "type": Object {
        "$$typeof": Symbol(react.forward_ref),
        "displayName": "EmotionCssPropInternal",
        "render": [Function],
      },
    },
  ],
  Symbol(enzyme.__options__): Object {
    "adapter": ReactSixteenAdapter {
      "options": Object {
        "enableComponentDidUpdateOnSetState": true,
        "legacyContextMode": "parent",
        "lifecycles": Object {
          "componentDidUpdate": Object {
            "onSetState": true,
          },
          "getChildContext": Object {
            "calledByRenderer": false,
          },
          "getDerivedStateFromError": true,
          "getDerivedStateFromProps": Object {
            "hasShouldComponentUpdateBug": false,
          },
          "getSnapshotBeforeUpdate": true,
          "setState": Object {
            "skipsComponentDidUpdateOnNullish": true,
          },
        },
      },
    },
    Symbol(enzyme.__providerValues__): undefined,
  },
  Symbol(enzyme.__providerValues__): Map {},
}
`;
